// Jest Snapshot v1, https://goo.gl/fbAQLP

exports[`SearchBox renders correctly 1`] = `
<div
  style={
    Object {
      "marginBottom": "10px",
      "position": "relative",
    }
  }
>
  <input
    className="form-control"
    onKeyUp={[Function]}
    placeholder="Search"
    style={
      Object {
        "background": "transparent",
        "boxShadow": "inset 0 1px 0px rgba(0, 0, 0, .075)",
        "width": "100%",
      }
    }
    type="text"
  />
  <i
    className="glyphicon glyphicon-search"
    style={
      Object {
        "background": "transparent",
        "color": "#666666",
        "position": "absolute",
        "right": "10px",
        "top": "10px",
      }
    }
  />
</div>
`;
