// Jest Snapshot v1, https://goo.gl/fbAQLP

exports[`SearchBox renders correctly 1`] = `
<div
  className="input-group"
>
  <input
    className="form-control"
    onKeyUp={[Function]}
    placeholder="Search"
    style={
      Object {
        "background": "transparent",
        "borderRight": "none",
        "boxShadow": "inset 0 1px 0px rgba(0, 0, 0, .075)",
      }
    }
    type="text"
  />
  <span
    className="input-group-addon"
    style={
      Object {
        "background": "transparent",
      }
    }
  >
    <i
      className="glyphicon glyphicon-search"
    />
  </span>
</div>
`;
