// Jest Snapshot v1, https://goo.gl/fbAQLP

exports[`RecordViewContainer renders correctly 1`] = `
<div
  className="content-wrapper"
>
  <div
    className="record-wrapper"
    style={
      Object {
        "margin": "0 auto",
        "maxWidth": "800px",
      }
    }
  >
    <button
      className="btn btn-primary"
      onClick={[Function]}
    >
      <span
        className="glyphicon glyphicon-arrow-left"
        style={
          Object {
            "marginRight": "5px",
          }
        }
      />
      <span>
        Back to records
      </span>
    </button>
    <div>
      <p>
        Record not found
      </p>
    </div>
  </div>
</div>
`;
