// Jest Snapshot v1, https://goo.gl/fbAQLP

exports[`TableViewContainer renders correctly 1`] = `
<div
  className="content-wrapper"
>
  <div
    className="table-container card"
    style={
      Object {
        "backgroundColor": "#ffffff",
        "margin": "0 auto",
        "maxWidth": "700px",
      }
    }
  >
    <div
      className="input-group"
    >
      <input
        className="form-control"
        onKeyUp={[Function]}
        placeholder="Search"
        style={
          Object {
            "background": "transparent",
            "borderRight": "none",
            "boxShadow": "inset 0 1px 0px rgba(0, 0, 0, .075)",
          }
        }
        type="text"
      />
      <span
        className="input-group-addon"
        style={
          Object {
            "background": "transparent",
          }
        }
      >
        <i
          className="glyphicon glyphicon-search"
        />
      </span>
    </div>
    <table
      className="table table-striped"
    >
      <thead>
        <tr>
          <th
            className="sorting-header"
            onClick={[Function]}
          >
            <span
              className="pull-left"
            >
              Resource Type
            </span>
            <span
              className="pull-right glyphicon glyphicon-triangle-top"
            />
          </th>
          <th
            className="sorting-header"
            onClick={[Function]}
          >
            <span
              className="pull-left"
            >
              Display Title
            </span>
          </th>
          <th
            className="sorting-header"
            onClick={[Function]}
          >
            <span
              className="pull-left"
            >
              Media Type
            </span>
          </th>
          <th
            className="sorting-header"
            onClick={[Function]}
          >
            <span
              className="pull-left"
            >
              Language
            </span>
          </th>
          <th
            className="sorting-header"
            onClick={[Function]}
          >
            <span
              className="pull-left"
            >
              
            </span>
          </th>
        </tr>
      </thead>
      <tbody>
        <tr>
          <td>
            Agile
          </td>
          <td>
            Agile Development
          </td>
          <td>
            flash
          </td>
          <td>
            en-us
          </td>
          <td>
            <a
              href="/record/2166"
              onClick={[Function]}
            >
              <span
                className="glyphicon glyphicon-eye-open"
              />
            </a>
          </td>
        </tr>
        <tr>
          <td>
            Agile
          </td>
          <td>
            Scrum
          </td>
          <td>
            flash
          </td>
          <td>
            en-us
          </td>
          <td>
            <a
              href="/record/1401"
              onClick={[Function]}
            >
              <span
                className="glyphicon glyphicon-eye-open"
              />
            </a>
          </td>
        </tr>
        <tr>
          <td>
            Agile
          </td>
          <td>
            Test Driven Development
          </td>
          <td>
            pdf
          </td>
          <td>
            en-us
          </td>
          <td />
        </tr>
        <tr>
          <td>
            Programming
          </td>
          <td>
            My Adventures in CSS
          </td>
          <td>
            html
          </td>
          <td>
            en-us
          </td>
          <td>
            <a
              href="/record/2133"
              onClick={[Function]}
            >
              <span
                className="glyphicon glyphicon-eye-open"
              />
            </a>
          </td>
        </tr>
        <tr>
          <td>
            Programming
          </td>
          <td>
            My Adventures in JavaScript
          </td>
          <td>
            flash
          </td>
          <td>
            en-us
          </td>
          <td>
            <a
              href="/record/2189"
              onClick={[Function]}
            >
              <span
                className="glyphicon glyphicon-eye-open"
              />
            </a>
          </td>
        </tr>
      </tbody>
    </table>
    <ul
      className="pagination pull-right"
    >
      <li
        onClick={[Function]}
      >
        <a>
          «
        </a>
      </li>
      <li
        className="active"
        onClick={[Function]}
      >
        <a>
          1
        </a>
      </li>
      <li
        className=""
        onClick={[Function]}
      >
        <a>
          2
        </a>
      </li>
      <li
        onClick={[Function]}
      >
        <a>
          »
        </a>
      </li>
    </ul>
  </div>
</div>
`;
