// Jest Snapshot v1, https://goo.gl/fbAQLP

exports[`TableHead renders correctly 1`] = `
<thead>
  <tr>
    <th
      className="sorting-header"
      onClick={[Function]}
    >
      <span
        className="pull-left"
      >
        Resource Type
      </span>
      <span
        className="pull-right glyphicon glyphicon-triangle-top"
      />
    </th>
  </tr>
</thead>
`;
